MO SDRAMControl NULL c:\users\cs150-hx\Checkpoint01/SDRAMControl.v vlg10/_s_d_r_a_m_control.bin 1205021600
MO Timer NULL c:\users\cs150-hx\Checkpoint01/Timer.v vlg69/_timer.bin 1205021600
MO ramTestbench NULL c:\users\cs150-hx\Checkpoint01/ramTestbench.v vlg10/ram_testbench.bin 1205021600
MO glbl NULL C:/Xilinx/verilog/src/glbl.v vlg2D/glbl.bin 1205021600
MO TimerTestBench_v NULL c:\users\cs150-hx\Checkpoint01/TimerTestBench.v vlg42/_timer_test_bench__v.bin 1205017818
