V3 12
FL c:/users/cs150-hx/Checkpoint01/Timer.v 2008/03/08.15:14:59 I.34
MO isim_temp/Timer      FL c:/users/cs150-hx/Checkpoint01/Timer.v
FL c:/users/cs150-hx/Checkpoint01/TimerTestBench.v 2008/03/08.15:09:06 I.34
MO isim_temp/TimerTestBench_v FL c:/users/cs150-hx/Checkpoint01/TimerTestBench.v \
      MI Timer
FL $XILINX/verilog/src/glbl.v 2006/05/17.10:09:08 I.34
MO isim_temp/glbl       FL $XILINX/verilog/src/glbl.v
FL c:/users/cs150-hx/Checkpoint01/ramTestbench.v 2008/03/08.15:58:49 I.34
MO isim_temp/ramTestbench FL c:/users/cs150-hx/Checkpoint01/ramTestbench.v \
      MI SDRAMControl
FL c:/users/cs150-hx/Checkpoint01/SDRAMControl.v 2008/03/08.16:13:09 I.34
MO isim_temp/SDRAMControl FL c:/users/cs150-hx/Checkpoint01/SDRAMControl.v \
      MI Timer
